[nitu.trade/index.html]
[backblue.gif]
[fade.gif]
[index.html]
[nitu.trade/assets/img/favicon.ico]
[nitu.trade/assets/img/apple-touch-icon.png]
[nitu.trade/assets/img/favicon-32x32.png]
[nitu.trade/assets/img/favicon-16x16.png]
[nitu.trade/assets/lib/bootstrap/bootstrap.min.css]
[nitu.trade/assets/lib/font-awesome/css/all.min.css]
[nitu.trade/assets/lib/slick/slick.css]
[nitu.trade/assets/lib/slick/slick-theme.css]
[nitu.trade/assets/css/style.css]
[nitu.trade/assets/img/cancel.svg]
[nitu.trade/assets/img/NituAI-Pitch-Deck.pdf]
[nitu.trade/assets/img/logo-small.png]
[nitu.trade/assets/img/banner_right.png]
[nitu.trade/assets/img/banner_right_m.png]
[nitu.trade/assets/img/icon-1.png]
[nitu.trade/assets/img/slider/slider-1.jpg]
[nitu.trade/assets/img/slider/slider-2.jpg]
[nitu.trade/assets/img/slider/slider-3.jpg]
[nitu.trade/assets/img/chart.png]
[nitu.trade/assets/img/icon-nitu.png]
[nitu.trade/assets/img/icon-nitu-burn.png]
[nitu.trade/assets/img/logo-binance.png]
[nitu.trade/assets/img/logo-kucoin.png]
[nitu.trade/assets/img/logo-kraken.png]
[nitu.trade/assets/img/logo-coinbase.png]
[nitu.trade/assets/img/logo-okx.png]
[nitu.trade/assets/img/logo-bybit.png]
[nitu.trade/assets/img/logo-kgshark.png]
[nitu.trade/assets/img/logo-falafiai.png]
[nitu.trade/assets/img/icon_twitter.png]
[nitu.trade/assets/img/icon_telegram.png]
[nitu.trade/cdn-cgi/l/email-protection.html]
[nitu.trade/assets/img/icon_mail.png]
[nitu.trade/assets/img/logo.png]
[nitu.trade/assets/img/NITU-AI-English.pdf]
[nitu.trade/assets/img/icon_te.png]
[nitu.trade/assets/img/icon_tw.png]
[nitu.trade/assets/img/icon_fb.png]
[nitu.trade/assets/img/icon_yt.png]
[nitu.trade/assets/img/uk.svg]
[nitu.trade/assets/img/NITU-AI-Vietnamese.pdf]
[nitu.trade/assets/img/vn.svg]
[nitu.trade/cdn-cgi/scripts/5c5dd728/cloudflare-static/email-decode.min.js]
[nitu.trade/assets/lib/jquery/jquery-3.5.1.min.js]
[nitu.trade/assets/lib/jquery/jquery.easing.min.js]
[nitu.trade/assets/lib/bootstrap/bootstrap.bundle.min.js]
[nitu.trade/assets/lib/jquery/jquery.waypoints.min.js]
[nitu.trade/assets/lib/slick/slick.min.js]
[nitu.trade/index.html]
[nitu.trade/assets/lib/bootstrap/bootstrap.min.css]
[nitu.trade/assets/js/init.js]
[nitu.trade/assets/lib/font-awesome/webfonts/fa-brands-400.woff2]
[nitu.trade/assets/lib/font-awesome/webfonts/fa-brands-400.ttf]
[nitu.trade/assets/lib/font-awesome/webfonts/fa-regular-400.woff2]
[nitu.trade/assets/lib/font-awesome/webfonts/fa-regular-400.ttf]
[nitu.trade/assets/lib/font-awesome/webfonts/fa-solid-900.woff2]
[nitu.trade/assets/lib/font-awesome/webfonts/fa-solid-900.ttf]
[nitu.trade/assets/lib/font-awesome/webfonts/fa-v4compatibility.woff2]
[nitu.trade/assets/lib/font-awesome/webfonts/fa-v4compatibility.ttf]
[nitu.trade/assets/lib/font-awesome/css/all.min.css]
[nitu.trade/assets/lib/slick/slick.css]
[nitu.trade/assets/lib/slick/ajax-loader.gif]
[nitu.trade/assets/lib/slick/fonts/slick.eot]
[nitu.trade/assets/lib/slick/fonts/slickd41d.eot]
[nitu.trade/assets/lib/slick/fonts/slick.woff]
[nitu.trade/assets/lib/slick/fonts/slick.ttf]
[nitu.trade/assets/lib/slick/slick-theme.css]
[nitu.trade/assets/lib/slick/fonts/slick.svg]
[nitu.trade/assets/img/bg.png]
[nitu.trade/assets/img/mask-group.png]
[nitu.trade/assets/img/bg-box-l.png]
[nitu.trade/assets/img/bg-box-r.gif]
[nitu.trade/assets/img/btn-price-l.png]
[nitu.trade/assets/img/btn-price-r.png]
[nitu.trade/assets/img/line.png]
[nitu.trade/assets/img/bg-contact.png]
[nitu.trade/assets/img/bg-contact-m.png]
[nitu.trade/assets/css/style.css]
[nitu.trade/assets/img/cancel.svg]
[nitu.trade/cdn-cgi/l/email-protection.html]
[nitu.trade/assets/img/uk.svg]
[nitu.trade/assets/img/vn.svg]
[nitu.trade/assets/lib/slick/fonts/slick.svg]
[nitu.trade/assets/img/mask-group.html]
